// Jest Snapshot v1, https://goo.gl/fbAQLP

exports[`matches snapshot 1`] = `
<DocumentFragment>
  <section
    class="Home col-md-12 p-0"
  >
    <div
      class="banner container-fluid text-center text-light m-0 p-5"
    >
      <div
        class="content-wrapper mb-5"
      >
        <h1
          class="mb-3 font-weight-bold"
        >
          Inventory
        </h1>
        <p
          class="lead"
        >
          All your inventory in one, convenient place.
        </p>
        <a
          class="btn btn-primary btn-lg px-5 py-3 my-5"
          href="/login"
        >
          Log In
        </a>
      </div>
    </div>
  </section>
</DocumentFragment>
`;
