// Jest Snapshot v1, https://goo.gl/fbAQLP

exports[`matches snapshot 1`] = `
<DocumentFragment>
  <div
    class="container"
  >
    <div
      class="col-lg-6 offset-lg-3 mt-4"
    >
      <h2>
        Login
      </h2>
      <div>
        <form
          action="#"
        >
          <div
            class="form-group mt-4"
          >
            <input
              class="form-control"
              name="username"
              placeholder="Username"
              type="text"
              value=""
            />
          </div>
          <div
            class="form-group"
          >
            <input
              class="form-control"
              name="password"
              placeholder="Password"
              type="password"
              value=""
            />
          </div>
          <div
            class="form-group"
          >
            <button
              class="btn btn-primary"
              type="submit"
            >
              Login
            </button>
            <a
              class="btn btn-link"
              href="/register"
            >
              Register
            </a>
          </div>
        </form>
      </div>
    </div>
  </div>
</DocumentFragment>
`;
