// Jest Snapshot v1, https://goo.gl/fbAQLP

exports[`matches snapshot 1`] = `
<DocumentFragment>
  <div
    class="card"
  >
    <div
      class="card-header"
    >
      <h4
        class="card-title"
      >
           
      </h4>
    </div>
    <div
      class="card-body"
    >
      <h5
        class="card-title"
      >
           
      </h5>
      <p
        class="card-text"
      >
        Email - 
      </p>
      <p
        class="card-text"
      />
      <p
        class="card-text"
      >
          
      </p>
      <p
        class="card-text"
      >
         
      </p>
      <a
        class="btn btn-primary"
        href="/profile/undefined"
        role="button"
      >
         Update Profile 
      </a>
         
      <button
        class="btn btn-primary"
      >
        Delete User
      </button>
    </div>
  </div>
</DocumentFragment>
`;
