// Jest Snapshot v1, https://goo.gl/fbAQLP

exports[`matches snapshot 1`] = `
<DocumentFragment>
  <div
    class="container"
  >
    <div
      class="col-lg-6 offset-lg-3"
    >
      <h2>
        Register
      </h2>
      <form
        action="#"
      >
        <div
          class="form-group"
        >
          <label
            for="firstname"
          >
            First Name
          </label>
          <input
            class="form-control"
            name="firstname"
            placeholder="First Name"
            type="text"
            value=""
          />
        </div>
        <div
          class="form-group"
        >
          <label
            for="lastname"
          >
            Last Name
          </label>
          <input
            class="form-control"
            name="lastname"
            placeholder="Last Name"
            type="text"
            value=""
          />
        </div>
        <div
          class="form-group"
        >
          <label
            for="username"
          >
            Username
          </label>
          <input
            class="form-control"
            name="username"
            placeholder="Username"
            type="text"
            value=""
          />
        </div>
        <div
          class="form-group"
        >
          <label
            for="password"
          >
            Password
          </label>
          <input
            class="form-control"
            name="password"
            placeholder="Password"
            type="password"
            value=""
          />
        </div>
        <div
          class="form-group"
        >
          <label
            for="email"
          >
            Email
          </label>
          <input
            class="form-control"
            name="email"
            placeholder="Email"
            type="text"
            value=""
          />
        </div>
        <div
          class="form-group"
        >
          <button
            class="btn btn-primary"
            type="submit"
          >
            Register
          </button>
           
          <button
            class="btn btn-secondary"
            type="reset"
          >
            Reset
          </button>
        </div>
      </form>
    </div>
  </div>
</DocumentFragment>
`;
