// Jest Snapshot v1, https://goo.gl/fbAQLP

exports[`matches snapshot 1`] = `
<DocumentFragment>
  <form
    class="form-inline mx-auto my-lg-1"
  >
    <input
      class="form-control mr-md-2"
      name="search"
      placeholder="Search"
      style="width: 400px;"
      type="search"
      value=""
    />
    <button
      class="btn btn-outline-success my-2 my-sm-0"
      type="submit"
    >
      Search
    </button>
  </form>
</DocumentFragment>
`;
